// Jest Snapshot v1, https://goo.gl/fbAQLP

exports[`should renser ExpenseList with empty  expenses 1`] = `
<div>
  <p>
    No Expenses!
  </p>
</div>
`;

exports[`should renser ExpenseList with expenses 1`] = `
<div>
  <ExpenseListItem
    amount={195}
    createdAt={0}
    description="Gum"
    id={1}
    key="1"
    note=""
  />
  <ExpenseListItem
    amount={1099500}
    createdAt={-345600000}
    description="Rent"
    id={2}
    key="2"
    note=""
  />
  <ExpenseListItem
    amount={4500}
    createdAt={"1970-01-05T00:00:00.000Z"}
    description="Credit"
    id={3}
    key="3"
    note=""
  />
</div>
`;
